DENISE GPU rank 0 uses CUDA device 0: NVIDIA GeForce GTX 1650 (CC 7.5, 4096 MiB)
 *******************************************************************************
 This is program DENISE Black-Edition                                           
 Parallel 2-D elastic Finite Difference FWI code                                
                                                                                
 Forward/FWI/RTM codes written by D. Koehn and D. De Nil                        
 2D isotropic PSV forward code partly based on FDVEPS written by T. Bohlen      
 Institute of Geosciences, Kiel University, Germany                           

 See README.md file and LICENSE.md for redistribution conditions.               
 *******************************************************************************


 **Message from check_model_phys (printed by PE 0):

 -----------------------  DENISE operation mode  ----------------------
 MODE=1: Time-domain FWI is applied.


 -----------------------  DENISE Physics  ----------------------
 PHYSICS=1: Solve 2D isotropic elastic PSV problem.


 This is the log-file generated by PE 0 


 **Message from initprocs (printed by PE 0):
 Size of subarrays in gridpoints:
 IENDX= 500
 IENDY (vertical) = 174

 **Message from initprocs (written by PEEEP 0):
 Processor locations in the 2D logical processor array
 MYID 	 POS(1):left,right 	 POS(2): top, bottom
 0 		 0: 0,0 		 0: 0,0 

 **Message from write_par (printed by PE 0):

------------------------- Processors ------------------------
 Number of PEs in x-direction (NPROCX): 1
 Number of PEs in vertical direction (NPROCY): 1
 Total number of PEs in use: 1

 ----------------------- Discretization  ---------------------
 Number of gridpoints in x-direction (NX): 500
 Number of gridpoints in y-direction (NY): 174
 Grid-spacing (DH): 2.000000e+01 meter
 Time of wave propagation (T): 6.000000e+00 seconds
 Timestep (DT): 2.000000e-03 seconds
 Number of timesteps: 3000 

 ------------------------- FD ORDER -----------------------------
 FDORDER = 8
 MAXRELERROR = 1

 ------------------------- SOURCE -----------------------------
 reading source positions, time delay, centre frequency 
 and initial amplitude from ASCII-file 
	./source/source_OBC_VSP.dat

 wavelet of source: Lowpass filtered spike 
 FC_SPIKE_2 = 15.000000, ORDER_SPIKE = 5 


 ------------------------- RECEIVER  --------------------------
 reading receiver positions from single file 
	./receiver/receiver_OBC.dat

 reference_point_for_receiver_coordinate_system:
 x=0.000000 	y=0.000000	 z=0.000000
 ------------------------- FREE SURFACE ------------------------
 free surface at the top of the model ! 

 ------------------------- CPML ---------------------
 width of absorbing frame is 10 gridpoints.
 CPML damping applied. 
 Damping velocity in the PML frame in m/s: 1500.000000 .
 Frequency within the PML frame in Hz: 10.000000 
 npower: 4.000000 
 k_max: 1.000000 
 No periodic boundary condition.
 ------------------------- MODEL-FILES -------------------------
 names of model-files: 
	 shear wave velocities:
	 start/marmousi_II_start_1D.vs
	 tau for shear waves:
	 start/marmousi_II_start_1D.ts
	 density:
	 start/marmousi_II_start_1D.rho
	 compressional wave velocities:
	 start/marmousi_II_start_1D.vp
	 tau for P-waves:
	 start/marmousi_II_start_1D.tp

 ------------------------- Q-APROXIMATION --------------------
 Number of relaxation mechanisms (L): 0
 The L relaxation frequencies are at:  
 Hz
 Value for tau is : 1.000000

 -----------------------  SEISMOGRAMS  ----------------------
 seismograms of  x- and y-component of particle velocity.
 output-files: 
 	su/DENISE_MARMOUSI_x.su
	su/DENISE_MARMOUSI_y.su
 The data is written in IEEE SU-format . 
 samplingrate of seismic data: 0.002000 s
 Number of samples per trace: 3000 
 ----------------------------------------------------------



 -----------------------  DENISE elastic specific parameters  ----------------------

 Maximum number of iterations: 600
 location of the measured seismograms : 
 	su/MARMOUSI_spike/DENISE_MARMOUSI

 INVMAT1=1: Inversion parameters are vp, vs and rho.
 QUELLTYPB=1: Inversion of x and y component.

 Shots used for step length estimation:
	 TESTSHOT_START = 25 
	 TESTSHOT_END = 75 
	 TESTSHOT_INCR = 10 

 Cosine Taper used : 
 	0
 Log file for misfit in each iteration step: 
 	LOG_TEST.dat 

 Output of inverted models to: 
 	model/modelTest 

 --------------- Gradient tapering -------------------
 SWS_TAPER_GRAD_VERT=0: No vertical taper applied.

 SWS_TAPER_GRAD_HOR=1: Horizontal taper applied.
 (GRADT1=21, GRADT2=25, GRADT3=490, GRADT4=500, EXP_TAPER_GRAD_HOR=2.000000)

 SWS_TAPER_GRAD_SOURCES=0: No taper around the sources applied.

 SWS_TAPER_CIRCULAR_PER_SHOT=0: No taper around the sources applied.



 --------------- Gradient smoothing with 2D-Gaussian filter -------------------
 GRAD_FILTER=0: Gradients are not filtered.


 --------------- Limits of model parameters -------------------
 VPLOWERLIM = 0.000000 		 VPUPPERLIM = 6000.000000 
 VSLOWERLIM = 0.000000 		 VSUPPERLIM = 4000.000000 
 RHOLOWERLIM = 1000.000000 	 RHOUPPERLIM = 3000.000000 


 --------------- Optimization method -------------------
 GRAD_METHOD=2: LBFGS
 NLBFGS=20 


 --------------- Model smoothing -------------------
 MODEL_FILTER=0: vp and vs models are not filtered after each iteration step.


 --------------- Trace kill -------------------
 TRKILL=0: No trace kill is applied 


 --------------- Trace normalization -------------------
 NORMALIZE=0: No normalization of measured and synthetic seismograms.


 --------------- Reduce size of inversion grid -------------------
 Every 3 time sample is used for the calculation of the gradients.



 --------------- Step length estimation -------------------
 EPS_SCALE = 0.010000
 STEPMAX = 6
 SCALEFAC = 2.000000


 --------------- Reverse Time Modelling -------------------
 RTMOD=0: No Reverse Time Modelling applied.


 --------------- Gravity Modelling and Inversion -------------------
 No Gravity Modelling and Inversion applied. 	 GRAVITY=0 
 Boundary in x-direction [gridpoints] 			 NGRAVB = 500 
 Boundary in z-direction [m] 				 NZGRAV = 200000 
 Modelling and Inversion of Gravity Data. 		 GRAV_TYPE=1 
 Self-defined Model is used as Background Density. 	 BACK_DENSITY=2 
	 background density file:
	 gravity/background_density.rho 

 **************************************************************


 Reading receiver positions from single file: 
	./receiver/receiver_OBC.dat
 Message from function receiver (written by PE 0):
 Number of receiver positions found: 400

 **Message from main (printed by PE 0):
 Size of local grids: NX=500 	 NY=174
 Each process is now trying to allocate memory for:
 Dynamic variables: 		   1.76 MB
 Static variables: 		   2.12 MB
 Seismograms: 			   9.16 MB
 Buffer arrays for grid exchange:   0.05 MB
 Storage of forward modelled wavefields: 1659.39 MB
 Gradients, updated material parameters:   7.63 MB
 Residual seismograms: 	  13.73 MB
 Full seismograms: 	  13.73 MB
 Network Buffer for MPI_Bsend: 	   0.21 MB
 ------------------------------------------------ 
 Total memory required: 	 1694.05 MB.

 ... memory allocation for PE 0 was successfull.


 Reading source positions, time-shift, centre frequency 
 and amplitude from file: ./source/source_OBC_VSP.dat
 Number of source positions specified in ./source/source_OBC_VSP.dat : 100 
 Maximum frequency defined in ./source/source_OBC_VSP.dat: 1.00e+01 Hz
 All sources will be modelled individually because of RUN_MULTIPLE_SHOTS=1!
 Message from function sources (written by PE 0):

...reading model information from modell-files...
	 Vp:
	 start/marmousi_II_start_1D.vp

	 Vs:
	 start/marmousi_II_start_1D.vs

	 Density:
	 start/marmousi_II_start_1D.rho



 PE 0 is writing model to 
	start/marmousi_II_start_1D.denise.pi.0.0


 **Message from mergemod (printed by PE 0):
 PE 0 starts merge of 1 model files 

 writing merged model file to  start/marmousi_II_start_1D.denise.pi 
 Opening model files: start/marmousi_II_start_1D.denise.pi.???  ... finished. 
 Copying... ... finished. 
 Use 
 ximage n1=174 < start/marmousi_II_start_1D.denise.pi  label1=Y label2=X title=start/marmousi_II_start_1D.denise.pi 
 to visualize model. 


 PE 0 is writing model to 
	start/marmousi_II_start_1D.denise.mu.0.0


 **Message from mergemod (printed by PE 0):
 PE 0 starts merge of 1 model files 

 writing merged model file to  start/marmousi_II_start_1D.denise.mu 
 Opening model files: start/marmousi_II_start_1D.denise.mu.???  ... finished. 
 Copying... ... finished. 
 Use 
 ximage n1=174 < start/marmousi_II_start_1D.denise.mu  label1=Y label2=X title=start/marmousi_II_start_1D.denise.mu 
 to visualize model. 


 PE 0 is writing model to 
	start/marmousi_II_start_1D.denise.rho.0.0


 **Message from mergemod (printed by PE 0):
 PE 0 starts merge of 1 model files 

 writing merged model file to  start/marmousi_II_start_1D.denise.rho 
 Opening model files: start/marmousi_II_start_1D.denise.rho.???  ... finished. 
 Copying... ... finished. 
 Use 
 ximage n1=174 < start/marmousi_II_start_1D.denise.rho  label1=Y label2=X title=start/marmousi_II_start_1D.denise.rho 
 to visualize model. 



 **Message from checkfd (printed by PE 0):
 Minimum and maximum P-wave and S-wave velocities within subvolumes: 
  MYID	 Vp_min(f=fc) 	 Vp_max(f=inf) 	 Vs_min(f=fc) 	 Vsmax(f=inf) 
 0 	 1.500000e+03 	 3.916476e+03 	 0.000000e+00 	 2.261179e+03 
 Global values for entire model: 
 Vp_max= 3.916476e+03 m/s 	 Vs_min=0.000000e+00 m/s 



 ------------------ CHECK FOR GRID DISPERSION --------------------
 To satisfactorily limit grid dispersion the number of gridpoints 
 per minimum wavelength (of S-waves) should be 6 (better more).
 Here the minimum wavelength is assumed to be minimum model phase velocity 
 (of S-waves) at maximum frequency of the source
 devided by maximum frequency of the source.
 Maximum frequency of the source is approximately    20.00 Hz
 The minimum wavelength (of S-waves) in the following simulation will
 be 0.000000e+00 meter.
 Thus, the recommended value for DH is 0.000000e+00 meter.
 You have specified DH= 2.000000e+01 meter.

W A R N I N G   M E S S A G E: 
 Grid dispersion will influence wave propagation, choose smaller grid spacing (DH).
 

 ----------------------- CHECK FOR STABILITY ---------------------
 The following simulation is stable provided that

 	 p=cmax*DT/DH < 1/(sqrt(2)*gamma),

 where cmax is the maximum phase velocity at infinite frequency
 and gamma = sum(|FD coeff.|)
 In the current simulation cmax is  3916.48 m/s .

 DT is the timestep and DH is the grid size.

 In this simulation the stability limit for timestep DT is 2.682859e-03 seconds .
 You have specified DT= 2.000000e-03 s.
 The simulation will be stable.


 ----------------------- ABSORBING BOUNDARY ------------------------
 Width (FW) of absorbing frame should be at least 10 gridpoints.
 You have specified a width of 10 gridpoints.
=========================================== 
       FWI-stage 1 of 4 
=========================================== 
 Density is inverted from iteration step 0.

 Vp is inverted from iteration step 0.

 Vs is inverted from iteration step 0.

 Qs is inverted from iteration step 0.


 Smoothing (spatial filtering) of the gradients: 
  	SPATFILTER=0: Gradients are not smoothed.


 --------------- Frequency filtering -------------------
 TIME_FILT=1: Time domain filtering is applied 
 Applying FWI with lowpass filter for corner frequency 2.000000 Hz
 Order of lowpass filter is:	6



 --------------- Time windowing and damping -------------------
 TIMEWIN=0: No time windowing and damping is applied 


 --------------- termination of the program -------------------
 Misfit change during the last two iterations is smaller than 1.000000 percent.



 --------------- Energy preconditioning -------------------
EPRECOND = 3 - Hessian approximation by Plessix & Mulder (2004) 

EPRECOND = 3 - energy preconditioning deactivated 



 --------------- Gradient calculation -------------------
 Misfit function:
   LNORM==1 corresponds to L1 Norm
   LNORM==2 corresponds to L2 Norm
   LNORM==3 corresponds to Cauchy
   LNORM==4 corresponds to SECH
   LNORM==5 corresponds to global correlation
   LNORM==6 corresponds to envelope objective function

 Used LNORM=2
 N_ORDER=0





 --------------- No STF inversion  -------------------





 --------------- No Offset mute  -------------------

 --------------- Scale density update  -------------------
 SCALERHO = 0.500000

 --------------- Scale Qs update  -------------------
 SCALEQS = 1.000000

---------------- No Joint Inversion ----------------


                   TDFWI ITERATION 1 	 of 600 


 **Message from matcopy (written by PE 0):
 Copy material properties at inner boundaries ... 
 finished (real time: 0.00 s).
Vp_avg = 2966 	 Vs_avg = 1603 	 rho_avg = 2078 
  Message from function wavelet written by PE 0 
 1 source positions located in subdomain of PE 0 
 have been assigned with a source signal. 

 PE 0 outputs source time function in SU format to start/marmousi_II_start_1D_source_signal.0.su.shot1 
 
 *****  Starting simulation (forward model) for shot 1 of 100  ********** 
--------------------------------------------------------------------------
Primary job  terminated normally, but 1 process returned
a non-zero exit code. Per user-direction, the job has been aborted.
--------------------------------------------------------------------------
--------------------------------------------------------------------------
mpirun noticed that process rank 0 with PID 0 on node LAPTOP-H2UNU14R exited on signal 9 (Killed).
--------------------------------------------------------------------------
